// Jest Snapshot v1, https://goo.gl/fbAQLP

exports[`populateCase should transform SPI Case to Hearing Outcome Case 1`] = `
Object {
  "CourtReference": Object {
    "MagistratesCourtReference": "01ZD0303208",
  },
  "ForceOwner": Object {
    "BottomLevelCode": "",
    "OrganisationUnitCode": "0000000",
    "SecondLevelCode": "01",
    "ThirdLevelCode": "",
  },
  "HearingDefendant": Object {},
  "PTIURN": "01ZD0303208",
  "PreChargeDecisionIndicator": false,
}
`;
