// Jest Snapshot v1, https://jestjs.io/docs/snapshot-testing

exports[`.toBeError() fails when not given an error 1`] = `"not an error"`;
