// Jest Snapshot v1, https://goo.gl/fbAQLP

exports[`validateOperations should match existing behaviour DISARR:DISARR (CCR: 1:1) 1`] = `
{
  "code": "HO200109",
  "path": [
    "AnnotatedHearingOutcome",
    "HearingOutcome",
    "Case",
    "HearingDefendant",
    "ArrestSummonsNumber",
  ],
}
`;

exports[`validateOperations should match existing behaviour DISARR:DISARR (CCR: 1:2) 1`] = `undefined`;

exports[`validateOperations should match existing behaviour DISARR:DISARR (CCR: 1:null) 1`] = `undefined`;

exports[`validateOperations should match existing behaviour DISARR:NEWREM (CCR: 1:1) 1`] = `undefined`;

exports[`validateOperations should match existing behaviour DISARR:NEWREM (CCR: 1:2) 1`] = `undefined`;

exports[`validateOperations should match existing behaviour DISARR:NEWREM (CCR: 1:null) 1`] = `undefined`;

exports[`validateOperations should match existing behaviour DISARR:PENHRG (CCR: 1:1) 1`] = `undefined`;

exports[`validateOperations should match existing behaviour DISARR:PENHRG (CCR: 1:2) 1`] = `undefined`;

exports[`validateOperations should match existing behaviour DISARR:PENHRG (CCR: 1:null) 1`] = `undefined`;

exports[`validateOperations should match existing behaviour DISARR:SENDEF (CCR: 1:1) 1`] = `undefined`;

exports[`validateOperations should match existing behaviour DISARR:SENDEF (CCR: 1:2) 1`] = `undefined`;

exports[`validateOperations should match existing behaviour DISARR:SENDEF (CCR: 1:null) 1`] = `undefined`;

exports[`validateOperations should match existing behaviour DISARR:SUBVAR (CCR: 1:1) 1`] = `undefined`;

exports[`validateOperations should match existing behaviour DISARR:SUBVAR (CCR: 1:2) 1`] = `undefined`;

exports[`validateOperations should match existing behaviour DISARR:SUBVAR (CCR: 1:null) 1`] = `undefined`;

exports[`validateOperations should match existing behaviour NEWREM:DISARR (CCR: 1:1) 1`] = `undefined`;

exports[`validateOperations should match existing behaviour NEWREM:DISARR (CCR: 1:2) 1`] = `undefined`;

exports[`validateOperations should match existing behaviour NEWREM:DISARR (CCR: 1:null) 1`] = `undefined`;

exports[`validateOperations should match existing behaviour NEWREM:NEWREM (CCR: 1:1) 1`] = `undefined`;

exports[`validateOperations should match existing behaviour NEWREM:NEWREM (CCR: 1:2) 1`] = `undefined`;

exports[`validateOperations should match existing behaviour NEWREM:NEWREM (CCR: 1:null) 1`] = `undefined`;

exports[`validateOperations should match existing behaviour NEWREM:PENHRG (CCR: 1:1) 1`] = `undefined`;

exports[`validateOperations should match existing behaviour NEWREM:PENHRG (CCR: 1:2) 1`] = `undefined`;

exports[`validateOperations should match existing behaviour NEWREM:PENHRG (CCR: 1:null) 1`] = `undefined`;

exports[`validateOperations should match existing behaviour NEWREM:SENDEF (CCR: 1:1) 1`] = `undefined`;

exports[`validateOperations should match existing behaviour NEWREM:SENDEF (CCR: 1:2) 1`] = `undefined`;

exports[`validateOperations should match existing behaviour NEWREM:SENDEF (CCR: 1:null) 1`] = `undefined`;

exports[`validateOperations should match existing behaviour NEWREM:SUBVAR (CCR: 1:1) 1`] = `undefined`;

exports[`validateOperations should match existing behaviour NEWREM:SUBVAR (CCR: 1:2) 1`] = `undefined`;

exports[`validateOperations should match existing behaviour NEWREM:SUBVAR (CCR: 1:null) 1`] = `undefined`;

exports[`validateOperations should match existing behaviour PENHRG:DISARR (CCR: 1:1) 1`] = `undefined`;

exports[`validateOperations should match existing behaviour PENHRG:DISARR (CCR: 1:2) 1`] = `undefined`;

exports[`validateOperations should match existing behaviour PENHRG:DISARR (CCR: 1:null) 1`] = `undefined`;

exports[`validateOperations should match existing behaviour PENHRG:NEWREM (CCR: 1:1) 1`] = `undefined`;

exports[`validateOperations should match existing behaviour PENHRG:NEWREM (CCR: 1:2) 1`] = `undefined`;

exports[`validateOperations should match existing behaviour PENHRG:NEWREM (CCR: 1:null) 1`] = `undefined`;

exports[`validateOperations should match existing behaviour PENHRG:PENHRG (CCR: 1:1) 1`] = `undefined`;

exports[`validateOperations should match existing behaviour PENHRG:PENHRG (CCR: 1:2) 1`] = `undefined`;

exports[`validateOperations should match existing behaviour PENHRG:PENHRG (CCR: 1:null) 1`] = `undefined`;

exports[`validateOperations should match existing behaviour PENHRG:SENDEF (CCR: 1:1) 1`] = `undefined`;

exports[`validateOperations should match existing behaviour PENHRG:SENDEF (CCR: 1:2) 1`] = `undefined`;

exports[`validateOperations should match existing behaviour PENHRG:SENDEF (CCR: 1:null) 1`] = `undefined`;

exports[`validateOperations should match existing behaviour PENHRG:SUBVAR (CCR: 1:1) 1`] = `
{
  "code": "HO200109",
  "path": [
    "AnnotatedHearingOutcome",
    "HearingOutcome",
    "Case",
    "HearingDefendant",
    "ArrestSummonsNumber",
  ],
}
`;

exports[`validateOperations should match existing behaviour PENHRG:SUBVAR (CCR: 1:2) 1`] = `
{
  "code": "HO200109",
  "path": [
    "AnnotatedHearingOutcome",
    "HearingOutcome",
    "Case",
    "HearingDefendant",
    "ArrestSummonsNumber",
  ],
}
`;

exports[`validateOperations should match existing behaviour PENHRG:SUBVAR (CCR: 1:null) 1`] = `
{
  "code": "HO200109",
  "path": [
    "AnnotatedHearingOutcome",
    "HearingOutcome",
    "Case",
    "HearingDefendant",
    "ArrestSummonsNumber",
  ],
}
`;

exports[`validateOperations should match existing behaviour SENDEF:DISARR (CCR: 1:1) 1`] = `undefined`;

exports[`validateOperations should match existing behaviour SENDEF:DISARR (CCR: 1:2) 1`] = `undefined`;

exports[`validateOperations should match existing behaviour SENDEF:DISARR (CCR: 1:null) 1`] = `undefined`;

exports[`validateOperations should match existing behaviour SENDEF:NEWREM (CCR: 1:1) 1`] = `undefined`;

exports[`validateOperations should match existing behaviour SENDEF:NEWREM (CCR: 1:2) 1`] = `undefined`;

exports[`validateOperations should match existing behaviour SENDEF:NEWREM (CCR: 1:null) 1`] = `undefined`;

exports[`validateOperations should match existing behaviour SENDEF:PENHRG (CCR: 1:1) 1`] = `undefined`;

exports[`validateOperations should match existing behaviour SENDEF:PENHRG (CCR: 1:2) 1`] = `undefined`;

exports[`validateOperations should match existing behaviour SENDEF:PENHRG (CCR: 1:null) 1`] = `undefined`;

exports[`validateOperations should match existing behaviour SENDEF:SENDEF (CCR: 1:1) 1`] = `
{
  "code": "HO200109",
  "path": [
    "AnnotatedHearingOutcome",
    "HearingOutcome",
    "Case",
    "HearingDefendant",
    "ArrestSummonsNumber",
  ],
}
`;

exports[`validateOperations should match existing behaviour SENDEF:SENDEF (CCR: 1:2) 1`] = `undefined`;

exports[`validateOperations should match existing behaviour SENDEF:SENDEF (CCR: 1:null) 1`] = `undefined`;

exports[`validateOperations should match existing behaviour SENDEF:SUBVAR (CCR: 1:1) 1`] = `undefined`;

exports[`validateOperations should match existing behaviour SENDEF:SUBVAR (CCR: 1:2) 1`] = `undefined`;

exports[`validateOperations should match existing behaviour SENDEF:SUBVAR (CCR: 1:null) 1`] = `undefined`;

exports[`validateOperations should match existing behaviour SUBVAR:DISARR (CCR: 1:1) 1`] = `undefined`;

exports[`validateOperations should match existing behaviour SUBVAR:DISARR (CCR: 1:2) 1`] = `undefined`;

exports[`validateOperations should match existing behaviour SUBVAR:DISARR (CCR: 1:null) 1`] = `undefined`;

exports[`validateOperations should match existing behaviour SUBVAR:NEWREM (CCR: 1:1) 1`] = `undefined`;

exports[`validateOperations should match existing behaviour SUBVAR:NEWREM (CCR: 1:2) 1`] = `undefined`;

exports[`validateOperations should match existing behaviour SUBVAR:NEWREM (CCR: 1:null) 1`] = `undefined`;

exports[`validateOperations should match existing behaviour SUBVAR:PENHRG (CCR: 1:1) 1`] = `
{
  "code": "HO200109",
  "path": [
    "AnnotatedHearingOutcome",
    "HearingOutcome",
    "Case",
    "HearingDefendant",
    "ArrestSummonsNumber",
  ],
}
`;

exports[`validateOperations should match existing behaviour SUBVAR:PENHRG (CCR: 1:2) 1`] = `
{
  "code": "HO200109",
  "path": [
    "AnnotatedHearingOutcome",
    "HearingOutcome",
    "Case",
    "HearingDefendant",
    "ArrestSummonsNumber",
  ],
}
`;

exports[`validateOperations should match existing behaviour SUBVAR:PENHRG (CCR: 1:null) 1`] = `
{
  "code": "HO200109",
  "path": [
    "AnnotatedHearingOutcome",
    "HearingOutcome",
    "Case",
    "HearingDefendant",
    "ArrestSummonsNumber",
  ],
}
`;

exports[`validateOperations should match existing behaviour SUBVAR:SENDEF (CCR: 1:1) 1`] = `undefined`;

exports[`validateOperations should match existing behaviour SUBVAR:SENDEF (CCR: 1:2) 1`] = `undefined`;

exports[`validateOperations should match existing behaviour SUBVAR:SENDEF (CCR: 1:null) 1`] = `undefined`;

exports[`validateOperations should match existing behaviour SUBVAR:SUBVAR (CCR: 1:1) 1`] = `
{
  "code": "HO200109",
  "path": [
    "AnnotatedHearingOutcome",
    "HearingOutcome",
    "Case",
    "HearingDefendant",
    "ArrestSummonsNumber",
  ],
}
`;

exports[`validateOperations should match existing behaviour SUBVAR:SUBVAR (CCR: 1:2) 1`] = `undefined`;

exports[`validateOperations should match existing behaviour SUBVAR:SUBVAR (CCR: 1:null) 1`] = `undefined`;
