// Jest Snapshot v1, https://goo.gl/fbAQLP

exports[`enrichForceOwner should return AHO enriched with force owner 1`] = `
{
  "AnnotatedHearingOutcome": {
    "HearingOutcome": {
      "Case": {
        "CourtReference": {
          "MagistratesCourtReference": "01ZD0303908",
        },
        "ForceOwner": {
          "BottomLevelCode": "00",
          "OrganisationUnitCode": "01ZD00",
          "SecondLevelCode": "01",
          "ThirdLevelCode": "ZD",
        },
        "HearingDefendant": {
          "Address": {
            "AddressLine1": "ScenarioD Address Line 1",
            "AddressLine2": "ScenarioD Address Line 2",
            "AddressLine3": "ScenarioD Address Line 3",
            "AddressLine4": undefined,
            "AddressLine5": undefined,
          },
          "ArrestSummonsNumber": "1101ZD0100000448754K",
          "BailConditions": [],
          "CourtPNCIdentifier": undefined,
          "DefendantDetail": {
            "BirthDate": 1948-11-11T00:00:00.000Z,
            "Gender": 1,
            "PersonName": {
              "FamilyName": "TRTHREE",
              "GivenName": [
                "TRPRTWELVE",
              ],
              "Title": "Mr",
            },
          },
          "Offence": [
            {
              "ActualOffenceDateCode": "1",
              "ActualOffenceEndDate": undefined,
              "ActualOffenceStartDate": {
                "StartDate": 2010-11-28T00:00:00.000Z,
              },
              "ActualOffenceWording": "Theft of pedal cycle.",
              "ArrestDate": 2010-12-01T00:00:00.000Z,
              "ChargeDate": 2010-12-02T00:00:00.000Z,
              "CommittedOnBail": "D",
              "ConvictionDate": 2011-09-26T00:00:00.000Z,
              "CourtOffenceSequenceNumber": 1,
              "CriminalProsecutionReference": {
                "OffenceReason": {
                  "OffenceCode": {
                    "ActOrSource": "TH",
                    "FullCode": "TH68046C",
                    "Qualifier": "C",
                    "Reason": "046",
                    "Year": "68",
                    "__type": "NonMatchingOffenceCode",
                  },
                  "__type": "NationalOffenceReason",
                },
              },
              "LocationOfOffence": "Kingston High Street",
              "Result": [
                {
                  "CJSresultCode": 1015,
                  "ConvictingCourt": undefined,
                  "ModeOfTrialReason": "SUM",
                  "PleaStatus": "NG",
                  "ResultHearingDate": 2011-09-26T00:00:00.000Z,
                  "ResultHearingType": "OTHER",
                  "ResultQualifierVariable": [],
                  "ResultVariableText": "RESULT_TEXT",
                  "SourceOrganisation": {
                    "BottomLevelCode": "01",
                    "OrganisationUnitCode": "B01EF01",
                    "SecondLevelCode": "01",
                    "ThirdLevelCode": "EF",
                    "TopLevelCode": "B",
                  },
                  "Verdict": "G",
                },
              ],
            },
            {
              "ActualOffenceDateCode": "1",
              "ActualOffenceEndDate": undefined,
              "ActualOffenceStartDate": {
                "StartDate": 2010-11-28T00:00:00.000Z,
              },
              "ActualOffenceWording": "Theft of pedal cycle.",
              "ArrestDate": 2010-12-01T00:00:00.000Z,
              "ChargeDate": 2010-12-02T00:00:00.000Z,
              "CommittedOnBail": "D",
              "ConvictionDate": 2011-09-26T00:00:00.000Z,
              "CourtOffenceSequenceNumber": 2,
              "CriminalProsecutionReference": {
                "OffenceReason": {
                  "OffenceCode": {
                    "ActOrSource": "TH",
                    "FullCode": "TH68046C",
                    "Qualifier": "C",
                    "Reason": "046",
                    "Year": "68",
                    "__type": "NonMatchingOffenceCode",
                  },
                  "__type": "NationalOffenceReason",
                },
              },
              "LocationOfOffence": "Kingston High Street",
              "Result": [
                {
                  "CJSresultCode": 1015,
                  "ConvictingCourt": undefined,
                  "ModeOfTrialReason": "SUM",
                  "PleaStatus": "NG",
                  "ResultHearingDate": 2011-09-26T00:00:00.000Z,
                  "ResultHearingType": "OTHER",
                  "ResultQualifierVariable": [],
                  "ResultVariableText": "RESULT_TEXT",
                  "SourceOrganisation": {
                    "BottomLevelCode": "01",
                    "OrganisationUnitCode": "B01EF01",
                    "SecondLevelCode": "01",
                    "ThirdLevelCode": "EF",
                    "TopLevelCode": "B",
                  },
                  "Verdict": "G",
                },
              ],
            },
          ],
          "ReasonForBailConditions": undefined,
          "RemandStatus": "UB",
        },
        "PTIURN": "01ZD0303908",
        "PreChargeDecisionIndicator": false,
      },
      "Hearing": {
        "CourtHearingLocation": {
          "BottomLevelCode": "01",
          "OrganisationUnitCode": "B01EF01",
          "SecondLevelCode": "01",
          "ThirdLevelCode": "EF",
          "TopLevelCode": "B",
        },
        "CourtHouseCode": 2576,
        "DateOfHearing": 2011-09-26T00:00:00.000Z,
        "DefendantPresentAtHearing": "A",
        "HearingDocumentationLanguage": "D",
        "HearingLanguage": "D",
        "SourceReference": {
          "DocumentName": "SPI TRPRTWELVE TRTHREE",
          "DocumentType": "SPI Case Result",
          "UniqueID": "EXTERNAL_CORRELATION_ID",
        },
        "TimeOfHearing": "10:00",
      },
    },
  },
  "Exceptions": [],
}
`;
