// Jest Snapshot v1, https://goo.gl/fbAQLP

exports[`parseAhoXml converts XML to Aho 1`] = `
Object {
  "AnnotatedHearingOutcome": Object {
    "HearingOutcome": Object {
      "Case": Object {
        "CourtCaseReferenceNumber": "97/1626/008395Q",
        "CourtReference": Object {
          "MagistratesCourtReference": "01ZD0303208",
        },
        "ForceOwner": Object {
          "BottomLevelCode": "00",
          "OrganisationUnitCode": "01ZD00",
          "SecondLevelCode": "01",
          "ThirdLevelCode": "ZD",
          "TopLevelCode": undefined,
        },
        "HearingDefendant": Object {
          "Address": Object {
            "AddressLine1": "Scenario1 Address Line 1",
            "AddressLine2": "Scenario1 Address Line 2",
            "AddressLine3": "Scenario1 Address Line 3",
            "AddressLine4": undefined,
            "AddressLine5": undefined,
          },
          "ArrestSummonsNumber": "1101ZD0100000448754K",
          "BailConditions": Array [],
          "CourtPNCIdentifier": undefined,
          "DefendantDetail": Object {
            "BirthDate": 1948-11-11T00:00:00.000Z,
            "Gender": 1,
            "GeneratedPNCFilename": "SEXOFFENCE/TRPRFOUR",
            "PersonName": Object {
              "FamilyName": "SEXOFFENCE",
              "GivenName": Array [
                "TRPRFOUR",
              ],
              "Title": "Mr",
            },
          },
          "Offence": Array [
            Object {
              "ActualOffenceDateCode": "1",
              "ActualOffenceEndDate": undefined,
              "ActualOffenceStartDate": Object {
                "StartDate": 2010-11-28T00:00:00.000Z,
              },
              "ActualOffenceWording": "Attempt to rape a girl aged 13 / 14 / 15 / years of age - SOA 2003.",
              "AddedByTheCourt": undefined,
              "AlcoholLevel": undefined,
              "ArrestDate": 2010-12-01T00:00:00.000Z,
              "ChargeDate": 2010-12-02T00:00:00.000Z,
              "CommittedOnBail": "D",
              "ConvictionDate": 2011-09-26T00:00:00.000Z,
              "CourtCaseReferenceNumber": undefined,
              "CourtOffenceSequenceNumber": 1,
              "CriminalProsecutionReference": Object {
                "DefendantOrOffender": Object {
                  "CheckDigit": "K",
                  "DefendantOrOffenderSequenceNumber": "00000448754",
                  "OrganisationUnitIdentifierCode": Object {
                    "BottomLevelCode": "01",
                    "OrganisationUnitCode": "01ZD01",
                    "SecondLevelCode": "01",
                    "ThirdLevelCode": "ZD",
                    "TopLevelCode": undefined,
                  },
                  "Year": "11",
                },
                "OffenceReason": Object {
                  "OffenceCode": Object {
                    "ActOrSource": "SX",
                    "FullCode": "SX03001A",
                    "Qualifier": "A",
                    "Reason": "001",
                    "Year": "03",
                    "__type": "NonMatchingOffenceCode",
                  },
                  "__type": "NationalOffenceReason",
                },
                "OffenceReasonSequence": "001",
              },
              "HomeOfficeClassification": "019/11",
              "LocationOfOffence": "Kingston High Street",
              "ManualCourtCaseReference": undefined,
              "ManualSequenceNumber": undefined,
              "NotifiableToHOindicator": true,
              "OffenceCategory": "CI",
              "OffenceTitle": "Attempt to rape a girl aged 13 / 14 / 15 years of age - SOA 2003",
              "RecordableOnPNCindicator": true,
              "Result": Array [
                Object {
                  "AmountSpecifiedInResult": undefined,
                  "BailCondition": Array [],
                  "CJSresultCode": 3078,
                  "ConvictingCourt": undefined,
                  "CourtType": "MCA",
                  "DateSpecifiedInResult": undefined,
                  "Duration": Array [],
                  "ModeOfTrialReason": "SUM",
                  "NextCourtType": undefined,
                  "NextHearingDate": undefined,
                  "NextHearingTime": undefined,
                  "NextResultSourceOrganisation": undefined,
                  "NumberOfOffencesTIC": undefined,
                  "NumberSpecifiedInResult": undefined,
                  "OffenceRemandStatus": undefined,
                  "PNCAdjudicationExists": false,
                  "PNCDisposalType": 3078,
                  "PleaStatus": "NG",
                  "ReasonForOffenceBailConditions": undefined,
                  "ResultApplicableQualifierCode": Array [],
                  "ResultClass": "Judgement with final result",
                  "ResultHalfLifeHours": 72,
                  "ResultHearingDate": 2011-09-26T00:00:00.000Z,
                  "ResultHearingType": "OTHER",
                  "ResultQualifierVariable": Array [],
                  "ResultVariableText": "Travel Restriction Order",
                  "SourceOrganisation": Object {
                    "BottomLevelCode": "01",
                    "OrganisationUnitCode": "B01EF01",
                    "SecondLevelCode": "01",
                    "ThirdLevelCode": "EF",
                    "TopLevelCode": "B",
                  },
                  "Urgent": undefined,
                  "Verdict": "G",
                  "WarrantIssueDate": undefined,
                },
              ],
            },
            Object {
              "ActualOffenceDateCode": "1",
              "ActualOffenceEndDate": undefined,
              "ActualOffenceStartDate": Object {
                "StartDate": 2010-11-28T00:00:00.000Z,
              },
              "ActualOffenceWording": "Rape of a Female",
              "AddedByTheCourt": undefined,
              "AlcoholLevel": undefined,
              "ArrestDate": 2010-12-01T00:00:00.000Z,
              "ChargeDate": 2010-12-02T00:00:00.000Z,
              "CommittedOnBail": "D",
              "ConvictionDate": 2011-09-26T00:00:00.000Z,
              "CourtCaseReferenceNumber": undefined,
              "CourtOffenceSequenceNumber": 2,
              "CriminalProsecutionReference": Object {
                "DefendantOrOffender": Object {
                  "CheckDigit": "K",
                  "DefendantOrOffenderSequenceNumber": "00000448754",
                  "OrganisationUnitIdentifierCode": Object {
                    "BottomLevelCode": "01",
                    "OrganisationUnitCode": "01ZD01",
                    "SecondLevelCode": "01",
                    "ThirdLevelCode": "ZD",
                    "TopLevelCode": undefined,
                  },
                  "Year": "11",
                },
                "OffenceReason": Object {
                  "OffenceCode": Object {
                    "ActOrSource": "SX",
                    "FullCode": "SX03001",
                    "Qualifier": undefined,
                    "Reason": "001",
                    "Year": "03",
                    "__type": "NonMatchingOffenceCode",
                  },
                  "__type": "NationalOffenceReason",
                },
                "OffenceReasonSequence": "002",
              },
              "HomeOfficeClassification": "019/07",
              "LocationOfOffence": "Kingston High Street",
              "ManualCourtCaseReference": undefined,
              "ManualSequenceNumber": undefined,
              "NotifiableToHOindicator": true,
              "OffenceCategory": "CI",
              "OffenceTitle": "Rape a girl aged 13 / 14 / 15 - SOA 2003",
              "RecordableOnPNCindicator": true,
              "Result": Array [
                Object {
                  "AmountSpecifiedInResult": undefined,
                  "BailCondition": Array [],
                  "CJSresultCode": 3052,
                  "ConvictingCourt": undefined,
                  "CourtType": "MCA",
                  "DateSpecifiedInResult": undefined,
                  "Duration": Array [],
                  "ModeOfTrialReason": "SUM",
                  "NextCourtType": undefined,
                  "NextHearingDate": undefined,
                  "NextHearingTime": undefined,
                  "NextResultSourceOrganisation": undefined,
                  "NumberOfOffencesTIC": undefined,
                  "NumberSpecifiedInResult": undefined,
                  "OffenceRemandStatus": undefined,
                  "PNCAdjudicationExists": false,
                  "PNCDisposalType": 3052,
                  "PleaStatus": "NG",
                  "ReasonForOffenceBailConditions": undefined,
                  "ResultApplicableQualifierCode": Array [],
                  "ResultClass": "Judgement with final result",
                  "ResultHalfLifeHours": 24,
                  "ResultHearingDate": 2011-09-26T00:00:00.000Z,
                  "ResultHearingType": "OTHER",
                  "ResultQualifierVariable": Array [],
                  "ResultVariableText": "defendant must never be allowed out",
                  "SourceOrganisation": Object {
                    "BottomLevelCode": "01",
                    "OrganisationUnitCode": "B01EF01",
                    "SecondLevelCode": "01",
                    "ThirdLevelCode": "EF",
                    "TopLevelCode": "B",
                  },
                  "Urgent": Object {
                    "urgency": 24,
                    "urgent": true,
                  },
                  "Verdict": "G",
                  "WarrantIssueDate": undefined,
                },
              ],
            },
            Object {
              "ActualOffenceDateCode": "1",
              "ActualOffenceEndDate": undefined,
              "ActualOffenceStartDate": Object {
                "StartDate": 2010-11-28T00:00:00.000Z,
              },
              "ActualOffenceWording": "Use a motor vehicle without third party insurance.",
              "AddedByTheCourt": undefined,
              "AlcoholLevel": undefined,
              "ArrestDate": 2010-12-01T00:00:00.000Z,
              "ChargeDate": 2010-12-02T00:00:00.000Z,
              "CommittedOnBail": "D",
              "ConvictionDate": 2011-09-26T00:00:00.000Z,
              "CourtCaseReferenceNumber": undefined,
              "CourtOffenceSequenceNumber": 3,
              "CriminalProsecutionReference": Object {
                "DefendantOrOffender": Object {
                  "CheckDigit": "K",
                  "DefendantOrOffenderSequenceNumber": "00000448754",
                  "OrganisationUnitIdentifierCode": Object {
                    "BottomLevelCode": "01",
                    "OrganisationUnitCode": "01ZD01",
                    "SecondLevelCode": "01",
                    "ThirdLevelCode": "ZD",
                    "TopLevelCode": undefined,
                  },
                  "Year": "11",
                },
                "OffenceReason": Object {
                  "OffenceCode": Object {
                    "ActOrSource": "RT",
                    "FullCode": "RT88191",
                    "Qualifier": undefined,
                    "Reason": "191",
                    "Year": "88",
                    "__type": "NonMatchingOffenceCode",
                  },
                  "__type": "NationalOffenceReason",
                },
                "OffenceReasonSequence": "003",
              },
              "HomeOfficeClassification": "809/01",
              "LocationOfOffence": "Kingston High Street",
              "ManualCourtCaseReference": undefined,
              "ManualSequenceNumber": undefined,
              "NotifiableToHOindicator": false,
              "OffenceCategory": "CM",
              "OffenceTitle": "Use a motor vehicle on a road / public place without third party insurance",
              "RecordableOnPNCindicator": false,
              "Result": Array [
                Object {
                  "AmountSpecifiedInResult": Array [
                    Object {
                      "Amount": 100,
                      "DecimalPlaces": 2,
                      "Type": "Fine",
                    },
                  ],
                  "BailCondition": Array [],
                  "CJSresultCode": 1015,
                  "ConvictingCourt": undefined,
                  "CourtType": "MCA",
                  "DateSpecifiedInResult": undefined,
                  "Duration": Array [],
                  "ModeOfTrialReason": "SUM",
                  "NextCourtType": undefined,
                  "NextHearingDate": undefined,
                  "NextHearingTime": undefined,
                  "NextResultSourceOrganisation": undefined,
                  "NumberOfOffencesTIC": undefined,
                  "NumberSpecifiedInResult": undefined,
                  "OffenceRemandStatus": undefined,
                  "PNCAdjudicationExists": false,
                  "PNCDisposalType": 1015,
                  "PleaStatus": "NG",
                  "ReasonForOffenceBailConditions": undefined,
                  "ResultApplicableQualifierCode": Array [],
                  "ResultClass": "Judgement with final result",
                  "ResultHalfLifeHours": 72,
                  "ResultHearingDate": 2011-09-26T00:00:00.000Z,
                  "ResultHearingType": "OTHER",
                  "ResultQualifierVariable": Array [],
                  "ResultVariableText": "Fined 100.",
                  "SourceOrganisation": Object {
                    "BottomLevelCode": "01",
                    "OrganisationUnitCode": "B01EF01",
                    "SecondLevelCode": "01",
                    "ThirdLevelCode": "EF",
                    "TopLevelCode": "B",
                  },
                  "Urgent": undefined,
                  "Verdict": "G",
                  "WarrantIssueDate": undefined,
                },
              ],
            },
          ],
          "OrganisationName": undefined,
          "PNCCheckname": "SEXOFFENCE",
          "PNCIdentifier": "2000/0448754K",
          "ReasonForBailConditions": undefined,
          "RemandStatus": "UB",
        },
        "ManualForceOwner": undefined,
        "PTIURN": "01ZD0303208",
        "PenaltyNoticeCaseReferenceNumber": undefined,
        "PreChargeDecisionIndicator": false,
        "RecordableOnPNCindicator": true,
        "Urgent": Object {
          "urgency": 24,
          "urgent": true,
        },
      },
      "Hearing": Object {
        "CourtHearingLocation": Object {
          "BottomLevelCode": "01",
          "OrganisationUnitCode": "B01EF01",
          "SecondLevelCode": "01",
          "ThirdLevelCode": "EF",
          "TopLevelCode": "B",
        },
        "CourtHouseCode": 2576,
        "CourtHouseName": "London Croydon",
        "CourtType": "MCA",
        "DateOfHearing": 2011-09-26T00:00:00.000Z,
        "DefendantPresentAtHearing": "A",
        "HearingDocumentationLanguage": "D",
        "HearingLanguage": "D",
        "SourceReference": Object {
          "DocumentName": "SPI TRPRFOUR SEXOFFENCE",
          "DocumentType": "SPI Case Result",
          "UniqueID": "CID-8bc6ee0a-46ac-4a0e-b9be-b03e3b041415",
        },
        "TimeOfHearing": "10:00",
      },
    },
  },
  "Exceptions": Array [],
  "PncErrorMessage": undefined,
  "PncQuery": Object {
    "checkName": "SEXOFFENCE",
    "courtCases": Array [
      Object {
        "courtCaseReference": "97/1626/008395Q",
        "offences": Array [
          Object {
            "adjudication": undefined,
            "disposals": undefined,
            "offence": Object {
              "acpoOffenceCode": "12:15:24:1",
              "cjsOffenceCode": "SX03001A",
              "endTime": undefined,
              "qualifier1": "",
              "qualifier2": "",
              "sequenceNumber": 1,
              "startDate": 2010-11-28T00:00:00.000Z,
              "startTime": "00:00",
              "title": "Attempt to rape a girl aged 13 / 14 / 15 years of age - SOA 2003",
            },
          },
          Object {
            "adjudication": undefined,
            "disposals": undefined,
            "offence": Object {
              "acpoOffenceCode": "12:15:24:1",
              "cjsOffenceCode": "SX03001",
              "endTime": undefined,
              "qualifier1": "",
              "qualifier2": "",
              "sequenceNumber": 2,
              "startDate": 2010-11-28T00:00:00.000Z,
              "startTime": "00:00",
              "title": "Rape a girl aged 13 / 14 / 15 - SOA 2003",
            },
          },
          Object {
            "adjudication": undefined,
            "disposals": undefined,
            "offence": Object {
              "acpoOffenceCode": "12:15:24:1",
              "cjsOffenceCode": "RT88191",
              "endTime": undefined,
              "qualifier1": "",
              "qualifier2": "",
              "sequenceNumber": 3,
              "startDate": 2010-11-28T00:00:00.000Z,
              "startTime": "00:00",
              "title": "Use a motor vehicle on a road / public place without third party insurance",
            },
          },
        ],
      },
    ],
    "forceStationCode": "01ZD",
    "penaltyCases": undefined,
    "pncId": "2000/0448754K",
  },
  "PncQueryDate": 2022-03-22T00:00:00.000Z,
}
`;
