// Jest Snapshot v1, https://jestjs.io/docs/snapshot-testing

exports[`.toNotBeError() fails when given an error 1`] = `"Error: this is an expected error"`;
