// Jest Snapshot v1, https://jestjs.io/docs/snapshot-testing

exports[`should render summary component and its items 1`] = `
<div>
  <dl
    class="govuk-summary-list"
  >
    <div
      class="govuk-summary-list__row"
    >
      <dt
        class="govuk-summary-list__key"
        data-test="summary-item_summary-item-1_label"
      >
        Label name 1
      </dt>
      <dd
        class="govuk-summary-list__value"
        data-test="summary-item_summary-item-1_value"
      >
        Label value 1
      </dd>
    </div>
    <div
      class="govuk-summary-list__row"
    >
      <dt
        class="govuk-summary-list__key"
        data-test="summary-item_summary-item-2_label"
      >
        Label name 2
      </dt>
      <dd
        class="govuk-summary-list__value"
        data-test="summary-item_summary-item-2_value"
      >
        Label value 2
      </dd>
    </div>
    <div
      class="govuk-summary-list__row"
    >
      <dt
        class="govuk-summary-list__key"
        data-test="summary-item_summary-item-3_label"
      >
        Label name 3
      </dt>
      <dd
        class="govuk-summary-list__value"
        data-test="summary-item_summary-item-3_value"
      >
        Label value 3
      </dd>
    </div>
  </dl>
</div>
`;
