// Jest Snapshot v1, https://goo.gl/fbAQLP

exports[`PopulateOffences should transform SPI Offences to Hearing Outcome Offences 1`] = `
{
  "bailConditions": [
    "With Electronic Tagging",
  ],
  "offences": [
    {
      "ActualOffenceDateCode": "1",
      "ActualOffenceEndDate": {
        "EndDate": 2010-11-28T00:00:00.000Z,
      },
      "ActualOffenceStartDate": {
        "StartDate": 2010-11-28T00:00:00.000Z,
      },
      "ActualOffenceWording": "Attempt to rape a girl aged 13 / 14 / 15 / years of age - SOA 2003.",
      "ArrestDate": 2010-12-01T00:00:00.000Z,
      "ChargeDate": 2010-12-02T00:00:00.000Z,
      "CommittedOnBail": "D",
      "ConvictionDate": 2011-09-26T00:00:00.000Z,
      "CourtOffenceSequenceNumber": 1,
      "CriminalProsecutionReference": {
        "OffenceReason": {
          "OffenceCode": {
            "ActOrSource": "SX",
            "FullCode": "SX03001A",
            "Qualifier": "A",
            "Reason": "001",
            "Year": "03",
            "__type": "NonMatchingOffenceCode",
          },
          "__type": "NationalOffenceReason",
        },
      },
      "LocationOfOffence": "Kingston High Street",
      "OffenceEndTime": "13:00",
      "OffenceTime": "11:00",
      "Result": [
        {
          "CJSresultCode": 3078,
          "ConvictingCourt": undefined,
          "DateSpecifiedInResult": [],
          "Duration": [
            {
              "DurationLength": 2,
              "DurationType": "Duration",
              "DurationUnit": "Y",
            },
          ],
          "ModeOfTrialReason": "SUM",
          "NextHearingDate": 2008-09-24T00:00:00.000Z,
          "NextHearingTime": "10:00:00",
          "NextResultSourceOrganisation": {
            "BottomLevelCode": null,
            "OrganisationUnitCode": "B01EF01",
            "SecondLevelCode": null,
            "ThirdLevelCode": null,
          },
          "NumberSpecifiedInResult": [],
          "OffenceRemandStatus": "UB",
          "PleaStatus": "NG",
          "ReasonForOffenceBailConditions": "For the defendant's own welfare",
          "ResultHearingDate": 2011-09-26T00:00:00.000Z,
          "ResultHearingType": "OTHER",
          "ResultQualifierVariable": [],
          "ResultVariableText": "Travel Restriction Order",
          "SourceOrganisation": {
            "BottomLevelCode": "01",
            "OrganisationUnitCode": "B01EF01",
            "SecondLevelCode": "01",
            "ThirdLevelCode": "EF",
            "TopLevelCode": "B",
          },
          "Verdict": "G",
        },
        {
          "AmountSpecifiedInResult": [
            {
              "Amount": 100,
              "DecimalPlaces": 2,
              "Type": "Fine",
            },
          ],
          "CJSresultCode": 1015,
          "ConvictingCourt": undefined,
          "Duration": [],
          "ModeOfTrialReason": "SUM",
          "NumberSpecifiedInResult": [],
          "PleaStatus": "NG",
          "ReasonForOffenceBailConditions": "For the defendant's own welfare",
          "ResultHearingDate": 2011-09-26T00:00:00.000Z,
          "ResultHearingType": "OTHER",
          "ResultQualifierVariable": [],
          "ResultVariableText": "Fined 100.",
          "SourceOrganisation": {
            "BottomLevelCode": "01",
            "OrganisationUnitCode": "B01EF01",
            "SecondLevelCode": "01",
            "ThirdLevelCode": "EF",
            "TopLevelCode": "B",
          },
          "Verdict": "G",
        },
        {
          "CJSresultCode": 3008,
          "ConvictingCourt": undefined,
          "Duration": [],
          "ModeOfTrialReason": "SUM",
          "NumberSpecifiedInResult": [
            {
              "Number": 7,
              "Type": "P",
            },
          ],
          "PleaStatus": "NG",
          "ReasonForOffenceBailConditions": "For the defendant's own welfare",
          "ResultHearingDate": 2011-09-26T00:00:00.000Z,
          "ResultHearingType": "OTHER",
          "ResultQualifierVariable": [],
          "ResultVariableText": "Licence or counterpart endorsed with 7 points",
          "SourceOrganisation": {
            "BottomLevelCode": "01",
            "OrganisationUnitCode": "B01EF01",
            "SecondLevelCode": "01",
            "ThirdLevelCode": "EF",
            "TopLevelCode": "B",
          },
          "Verdict": "G",
        },
        {
          "CJSresultCode": 3105,
          "ConvictingCourt": undefined,
          "DateSpecifiedInResult": [],
          "Duration": [
            {
              "DurationLength": 12,
              "DurationType": "Duration",
              "DurationUnit": "W",
            },
            {
              "DurationLength": 15,
              "DurationType": "Duration",
              "DurationUnit": "H",
            },
          ],
          "ModeOfTrialReason": "SUM",
          "NumberSpecifiedInResult": [
            {
              "Number": 15,
              "Type": "P",
            },
          ],
          "PleaStatus": "NG",
          "ReasonForOffenceBailConditions": "For the defendant's own welfare",
          "ResultHearingDate": 2011-09-26T00:00:00.000Z,
          "ResultHearingType": "OTHER",
          "ResultQualifierVariable": [
            {
              "Code": "BA",
            },
          ],
          "ResultVariableText": "Curfew Requirement: Be under a curfew for 52 weeks. Start date	26/09/2011. End date 26/09/2012. Offender to remain at Somewhere between 8 pm and 7 am daily.",
          "SourceOrganisation": {
            "BottomLevelCode": "01",
            "OrganisationUnitCode": "B01EF01",
            "SecondLevelCode": "01",
            "ThirdLevelCode": "EF",
            "TopLevelCode": "B",
          },
          "Verdict": "G",
        },
        {
          "CJSresultCode": 1116,
          "ConvictingCourt": undefined,
          "DateSpecifiedInResult": [
            {
              "Date": 2011-09-26T00:00:00.000Z,
              "Sequence": 1,
            },
            {
              "Date": 2012-05-21T00:00:00.000Z,
              "Sequence": 2,
            },
          ],
          "Duration": [],
          "ModeOfTrialReason": "SUM",
          "NumberSpecifiedInResult": [],
          "PleaStatus": "NG",
          "ReasonForOffenceBailConditions": "For the defendant's own welfare",
          "ResultHearingDate": 2011-09-26T00:00:00.000Z,
          "ResultHearingType": "OTHER",
          "ResultQualifierVariable": [],
          "ResultVariableText": "Community Order",
          "SourceOrganisation": {
            "BottomLevelCode": "01",
            "OrganisationUnitCode": "B01EF01",
            "SecondLevelCode": "01",
            "ThirdLevelCode": "EF",
            "TopLevelCode": "B",
          },
          "Verdict": "G",
        },
        {
          "CJSresultCode": 3068,
          "ConvictingCourt": undefined,
          "ModeOfTrialReason": "SUM",
          "NextHearingDate": 2011-05-08T00:00:00.000Z,
          "NextHearingTime": "13:30:00",
          "NextResultSourceOrganisation": {
            "BottomLevelCode": null,
            "OrganisationUnitCode": "B41ME01",
            "SecondLevelCode": null,
            "ThirdLevelCode": null,
          },
          "OffenceRemandStatus": "CB",
          "PleaStatus": "NG",
          "ReasonForOffenceBailConditions": "For the defendant's own welfare",
          "ResultHearingDate": 2011-09-26T00:00:00.000Z,
          "ResultHearingType": "OTHER",
          "ResultQualifierVariable": [
            {
              "Code": "BA",
            },
            {
              "Code": "AW",
            },
            {
              "Code": "RA",
            },
          ],
          "ResultVariableText": "Football Banning Order",
          "SourceOrganisation": {
            "BottomLevelCode": "01",
            "OrganisationUnitCode": "B01EF01",
            "SecondLevelCode": "01",
            "ThirdLevelCode": "EF",
            "TopLevelCode": "B",
          },
          "Verdict": "G",
        },
        {
          "CJSresultCode": 3068,
          "ConvictingCourt": undefined,
          "ModeOfTrialReason": "SUM",
          "NextHearingDate": 2011-05-08T00:00:00.000Z,
          "NextHearingTime": "13:30:00",
          "NextResultSourceOrganisation": {
            "BottomLevelCode": null,
            "OrganisationUnitCode": "B41ME01",
            "SecondLevelCode": null,
            "ThirdLevelCode": null,
          },
          "OffenceRemandStatus": "CB",
          "PleaStatus": "NG",
          "ReasonForOffenceBailConditions": "For the defendant's own welfare",
          "ResultHearingDate": 2011-09-26T00:00:00.000Z,
          "ResultHearingType": "OTHER",
          "ResultQualifierVariable": [
            {
              "Code": "BA",
            },
            {
              "Code": "AW",
            },
            {
              "Code": "RA",
            },
          ],
          "ResultVariableText": "Football Banning Order",
          "SourceOrganisation": {
            "BottomLevelCode": "01",
            "OrganisationUnitCode": "B01EF01",
            "SecondLevelCode": "01",
            "ThirdLevelCode": "EF",
            "TopLevelCode": "B",
          },
          "Verdict": "G",
        },
        {
          "CJSresultCode": 1115,
          "ConvictingCourt": undefined,
          "DateSpecifiedInResult": [],
          "Duration": [
            {
              "DurationLength": 3,
              "DurationType": "Duration",
              "DurationUnit": "M",
            },
            {
              "DurationLength": 12,
              "DurationType": "Duration",
              "DurationUnit": "M",
            },
          ],
          "ModeOfTrialReason": "SUM",
          "NumberSpecifiedInResult": [],
          "PleaStatus": "NG",
          "ReasonForOffenceBailConditions": "For the defendant's own welfare",
          "ResultHearingDate": 2011-09-26T00:00:00.000Z,
          "ResultHearingType": "OTHER",
          "ResultQualifierVariable": [
            {
              "Code": "RB",
            },
            {
              "Code": "WC",
            },
            {
              "Code": "JD",
            },
            {
              "Code": "C",
            },
          ],
          "ResultVariableText": "Committed to prison for 3 months suspended for 12 months. Then to be electronically monitored from 15/05/2012 to 14/07/2012",
          "SourceOrganisation": {
            "BottomLevelCode": "01",
            "OrganisationUnitCode": "B01EF01",
            "SecondLevelCode": "01",
            "ThirdLevelCode": "EF",
            "TopLevelCode": "B",
          },
          "Verdict": "G",
        },
        {
          "CJSresultCode": 1115,
          "ConvictingCourt": undefined,
          "ModeOfTrialReason": "SUM",
          "PleaStatus": "NG",
          "ReasonForOffenceBailConditions": "For the defendant's own welfare",
          "ResultHearingDate": 2011-09-26T00:00:00.000Z,
          "ResultHearingType": "OTHER",
          "ResultQualifierVariable": [],
          "ResultVariableText": "Committed to prison for 3 months suspended for 12 months. Then to be electronically monitored from 15/05/2012 to 14/07/2012",
          "SourceOrganisation": {
            "BottomLevelCode": "01",
            "OrganisationUnitCode": "B01EF01",
            "SecondLevelCode": "01",
            "ThirdLevelCode": "EF",
            "TopLevelCode": "B",
          },
          "Verdict": "G",
        },
        {
          "CJSresultCode": 9999,
          "ConvictingCourt": undefined,
          "DateSpecifiedInResult": [],
          "Duration": [
            {
              "DurationLength": 3,
              "DurationType": "Duration",
              "DurationUnit": "M",
            },
            {
              "DurationLength": 12,
              "DurationType": "Duration",
              "DurationUnit": "M",
            },
          ],
          "ModeOfTrialReason": "SUM",
          "NumberSpecifiedInResult": [],
          "PleaStatus": "NG",
          "ReasonForOffenceBailConditions": "For the defendant's own welfare",
          "ResultHearingDate": 2011-09-26T00:00:00.000Z,
          "ResultHearingType": "OTHER",
          "ResultQualifierVariable": [
            {
              "Code": "RB",
            },
            {
              "Code": "WC",
            },
            {
              "Code": "JD",
            },
            {
              "Code": "C",
            },
          ],
          "ResultVariableText": "Committed to prison for 3 months suspended for 12 months. Then to be electronically monitored from 15/05/2012 to 14/07/2012",
          "SourceOrganisation": {
            "BottomLevelCode": "01",
            "OrganisationUnitCode": "B01EF01",
            "SecondLevelCode": "01",
            "ThirdLevelCode": "EF",
            "TopLevelCode": "B",
          },
          "Verdict": "G",
        },
        {
          "CJSresultCode": 3068,
          "ConvictingCourt": undefined,
          "ModeOfTrialReason": "SUM",
          "NextHearingDate": 2011-05-08T00:00:00.000Z,
          "NextHearingTime": "13:30:00",
          "NextResultSourceOrganisation": {
            "BottomLevelCode": null,
            "OrganisationUnitCode": "BB",
            "SecondLevelCode": null,
            "ThirdLevelCode": null,
          },
          "PleaStatus": "NG",
          "ReasonForOffenceBailConditions": "For the defendant's own welfare",
          "ResultHearingDate": 2011-09-26T00:00:00.000Z,
          "ResultHearingType": "OTHER",
          "ResultQualifierVariable": [],
          "ResultVariableText": "Football Banning Order",
          "SourceOrganisation": {
            "BottomLevelCode": "01",
            "OrganisationUnitCode": "B01EF01",
            "SecondLevelCode": "01",
            "ThirdLevelCode": "EF",
            "TopLevelCode": "B",
          },
          "Verdict": "G",
        },
        {
          "CJSresultCode": 4575,
          "ConvictingCourt": undefined,
          "ModeOfTrialReason": "SUM",
          "NextHearingDate": 2011-10-01T00:00:00.000Z,
          "NextHearingTime": "14:00:00",
          "NextResultSourceOrganisation": {
            "BottomLevelCode": null,
            "OrganisationUnitCode": "B01EF01",
            "SecondLevelCode": null,
            "ThirdLevelCode": null,
          },
          "OffenceRemandStatus": "CB",
          "PleaStatus": "NG",
          "ReasonForOffenceBailConditions": "For the defendant's own welfare",
          "ResultHearingDate": 2011-09-26T00:00:00.000Z,
          "ResultHearingType": "OTHER",
          "ResultQualifierVariable": [
            {
              "Code": "CG",
            },
          ],
          "ResultVariableText": "Warrant of arrest issued for hearing on 26/09/2011 at 10:00 in Courtroom 01, Kingston Magistrates' Court. Basis: no appearance in answer to bail.",
          "SourceOrganisation": {
            "BottomLevelCode": "01",
            "OrganisationUnitCode": "B01EF01",
            "SecondLevelCode": "01",
            "ThirdLevelCode": "EF",
            "TopLevelCode": "B",
          },
          "Verdict": "G",
          "WarrantIssueDate": 2011-09-26T00:00:00.000Z,
        },
        {
          "CJSresultCode": 3118,
          "ConvictingCourt": undefined,
          "ModeOfTrialReason": "SUM",
          "NumberOfOffencesTIC": 5,
          "PleaStatus": "NG",
          "ReasonForOffenceBailConditions": "For the defendant's own welfare",
          "ResultHearingDate": 2011-09-26T00:00:00.000Z,
          "ResultHearingType": "OTHER",
          "ResultQualifierVariable": [],
          "ResultVariableText": "5 Other Offences admitted and taken into consideration",
          "SourceOrganisation": {
            "BottomLevelCode": "01",
            "OrganisationUnitCode": "B01EF01",
            "SecondLevelCode": "01",
            "ThirdLevelCode": "EF",
            "TopLevelCode": "B",
          },
          "Verdict": "G",
        },
        {
          "CJSresultCode": 4014,
          "ConvictingCourt": undefined,
          "ModeOfTrialReason": "SUM",
          "NextHearingDate": 2011-10-08T00:00:00.000Z,
          "NextResultSourceOrganisation": {
            "BottomLevelCode": "00",
            "OrganisationUnitCode": "C01SN00",
            "SecondLevelCode": "01",
            "ThirdLevelCode": "SN",
            "TopLevelCode": "C",
          },
          "PleaStatus": "NG",
          "ReasonForOffenceBailConditions": "For the defendant's own welfare",
          "ResultHearingDate": 2011-09-26T00:00:00.000Z,
          "ResultHearingType": "OTHER",
          "ResultQualifierVariable": [],
          "ResultVariableText": "Committed to Snaresbrook Crown Court for sentence (Section 3 Powers of Criminal Courts (Sentencing) Act 2000) on 08/10/2011 at 09:45 or such other date, time or place as the Crown Court directs on unconditional bail",
          "SourceOrganisation": {
            "BottomLevelCode": "01",
            "OrganisationUnitCode": "B01EF01",
            "SecondLevelCode": "01",
            "ThirdLevelCode": "EF",
            "TopLevelCode": "B",
          },
          "Verdict": "G",
        },
        {
          "CJSresultCode": 3105,
          "ConvictingCourt": undefined,
          "DateSpecifiedInResult": [],
          "Duration": [
            {
              "DurationLength": 12,
              "DurationType": "Duration",
              "DurationUnit": "W",
            },
          ],
          "ModeOfTrialReason": "SUM",
          "NumberSpecifiedInResult": [],
          "PleaStatus": "NG",
          "ReasonForOffenceBailConditions": "For the defendant's own welfare",
          "ResultHearingDate": 2011-09-26T00:00:00.000Z,
          "ResultHearingType": "OTHER",
          "ResultQualifierVariable": [
            {
              "Code": "BA",
            },
          ],
          "ResultVariableText": "Curfew Requirement: Be under a curfew for 52 weeks. Start date 26/09/2011. End date 26/09/2012. Offender to remain at Somewhere between 8 pm and 7 am daily.",
          "SourceOrganisation": {
            "BottomLevelCode": "01",
            "OrganisationUnitCode": "B01EF01",
            "SecondLevelCode": "01",
            "ThirdLevelCode": "EF",
            "TopLevelCode": "B",
          },
          "Verdict": "G",
        },
      ],
    },
    {
      "ActualOffenceDateCode": "1",
      "ActualOffenceEndDate": undefined,
      "ActualOffenceStartDate": {
        "StartDate": 2010-11-28T00:00:00.000Z,
      },
      "ActualOffenceWording": "Rape of a Female",
      "ArrestDate": 2010-12-01T00:00:00.000Z,
      "ChargeDate": 2010-12-02T00:00:00.000Z,
      "CommittedOnBail": "D",
      "ConvictionDate": 2011-09-26T00:00:00.000Z,
      "CourtOffenceSequenceNumber": 2,
      "CriminalProsecutionReference": {
        "OffenceReason": {
          "OffenceCode": {
            "FullCode": "XX001",
            "Indictment": "XX00",
            "Reason": "1",
            "__type": "IndictmentOffenceCode",
          },
          "__type": "NationalOffenceReason",
        },
      },
      "LocationOfOffence": "Kingston High Street",
      "Result": [
        {
          "CJSresultCode": 3052,
          "ConvictingCourt": undefined,
          "ModeOfTrialReason": "SUM",
          "PleaStatus": "NG",
          "ReasonForOffenceBailConditions": "For the defendant's own welfare",
          "ResultHearingDate": 2011-09-26T00:00:00.000Z,
          "ResultHearingType": "OTHER",
          "ResultQualifierVariable": [],
          "ResultVariableText": "defendant must never be allowed out",
          "SourceOrganisation": {
            "BottomLevelCode": "01",
            "OrganisationUnitCode": "B01EF01",
            "SecondLevelCode": "01",
            "ThirdLevelCode": "EF",
            "TopLevelCode": "B",
          },
          "Verdict": "G",
        },
      ],
    },
    {
      "ActualOffenceDateCode": "4",
      "ActualOffenceEndDate": {
        "EndDate": 2010-12-08T00:00:00.000Z,
      },
      "ActualOffenceStartDate": {
        "StartDate": 2010-11-28T00:00:00.000Z,
      },
      "ActualOffenceWording": "Use a motor vehicle without third party insurance.",
      "AlcoholLevel": {
        "Amount": 998,
        "Method": "V",
      },
      "ArrestDate": 2010-12-01T00:00:00.000Z,
      "ChargeDate": 2010-12-02T00:00:00.000Z,
      "CommittedOnBail": "D",
      "ConvictionDate": 2011-09-26T00:00:00.000Z,
      "CourtOffenceSequenceNumber": 3,
      "CriminalProsecutionReference": {
        "OffenceReason": {
          "OffenceCode": {
            "CommonLawOffence": "COML",
            "FullCode": "COML001",
            "Reason": "001",
            "__type": "CommonLawOffenceCode",
          },
          "__type": "NationalOffenceReason",
        },
      },
      "LocationOfOffence": "Kingston High Street",
      "OffenceEndTime": "11:00",
      "Result": [
        {
          "AmountSpecifiedInResult": [
            {
              "Amount": 100,
              "DecimalPlaces": 2,
              "Type": "Fine",
            },
          ],
          "CJSresultCode": 1015,
          "ConvictingCourt": undefined,
          "Duration": [],
          "ModeOfTrialReason": "SUM",
          "NumberSpecifiedInResult": [],
          "PleaStatus": "NG",
          "ReasonForOffenceBailConditions": "For the defendant's own welfare",
          "ResultHearingDate": 2011-09-26T00:00:00.000Z,
          "ResultHearingType": "OTHER",
          "ResultQualifierVariable": [],
          "ResultVariableText": "Fined 100.",
          "SourceOrganisation": {
            "BottomLevelCode": "01",
            "OrganisationUnitCode": "B01EF01",
            "SecondLevelCode": "01",
            "ThirdLevelCode": "EF",
            "TopLevelCode": "B",
          },
          "Verdict": "G",
        },
      ],
      "StartTime": "11:00",
    },
  ],
}
`;
