// Jest Snapshot v1, https://goo.gl/fbAQLP

exports[`PopulateOffenceResults should transform SPI Offences to Hearing Outcome Offences 1`] = `
{
  "bailQualifiers": [],
  "results": [
    {
      "CJSresultCode": 3078,
      "ConvictingCourt": undefined,
      "ModeOfTrialReason": "SUM",
      "PleaStatus": "NG",
      "ResultHearingDate": 2011-09-26T00:00:00.000Z,
      "ResultHearingType": "OTHER",
      "ResultQualifierVariable": [],
      "ResultVariableText": "Travel Restriction Order",
      "SourceOrganisation": {
        "BottomLevelCode": "01",
        "OrganisationUnitCode": "B01EF01",
        "SecondLevelCode": "01",
        "ThirdLevelCode": "EF",
        "TopLevelCode": "B",
      },
      "Verdict": "G",
    },
  ],
}
`;
