// Jest Snapshot v1, https://goo.gl/fbAQLP

exports[`PopulateOffences should transform SPI Offences to Hearing Outcome Offences 1`] = `
{
  "bailConditions": [],
  "offences": [
    {
      "ActualOffenceDateCode": "1",
      "ActualOffenceEndDate": {
        "EndDate": 2010-11-28T00:00:00.000Z,
      },
      "ActualOffenceStartDate": {
        "StartDate": 2010-11-28T00:00:00.000Z,
      },
      "ActualOffenceWording": "Attempt to rape a girl aged 13 / 14 / 15 / years of age - SOA 2003.",
      "ArrestDate": 2010-12-01T00:00:00.000Z,
      "ChargeDate": 2010-12-02T00:00:00.000Z,
      "CommittedOnBail": "D",
      "ConvictionDate": 2011-09-26T00:00:00.000Z,
      "CourtOffenceSequenceNumber": 1,
      "CriminalProsecutionReference": {
        "OffenceReason": {
          "OffenceCode": {
            "ActOrSource": "SX",
            "FullCode": "SX03001A",
            "Qualifier": "A",
            "Reason": "001",
            "Year": "03",
            "__type": "NonMatchingOffenceCode",
          },
          "__type": "NationalOffenceReason",
        },
      },
      "LocationOfOffence": "Kingston High Street",
      "OffenceEndTime": "13:00",
      "OffenceTime": "11:00",
      "Result": [
        {
          "CJSresultCode": 3078,
          "ConvictingCourt": undefined,
          "ModeOfTrialReason": "SUM",
          "PleaStatus": "NG",
          "ResultHearingDate": 2011-09-26T00:00:00.000Z,
          "ResultHearingType": "OTHER",
          "ResultQualifierVariable": [],
          "ResultVariableText": "Travel Restriction Order",
          "SourceOrganisation": {
            "BottomLevelCode": "01",
            "OrganisationUnitCode": "B01EF01",
            "SecondLevelCode": "01",
            "ThirdLevelCode": "EF",
            "TopLevelCode": "B",
          },
          "Verdict": "G",
        },
      ],
    },
    {
      "ActualOffenceDateCode": "1",
      "ActualOffenceEndDate": undefined,
      "ActualOffenceStartDate": {
        "StartDate": 2010-11-28T00:00:00.000Z,
      },
      "ActualOffenceWording": "Rape of a Female",
      "ArrestDate": 2010-12-01T00:00:00.000Z,
      "ChargeDate": 2010-12-02T00:00:00.000Z,
      "CommittedOnBail": "D",
      "ConvictionDate": 2011-09-26T00:00:00.000Z,
      "CourtOffenceSequenceNumber": 2,
      "CriminalProsecutionReference": {
        "OffenceReason": {
          "OffenceCode": {
            "FullCode": "XX001",
            "Indictment": "XX00",
            "Reason": "1",
            "__type": "IndictmentOffenceCode",
          },
          "__type": "NationalOffenceReason",
        },
      },
      "LocationOfOffence": "Kingston High Street",
      "Result": [
        {
          "CJSresultCode": 3052,
          "ConvictingCourt": undefined,
          "ModeOfTrialReason": "SUM",
          "PleaStatus": "NG",
          "ResultHearingDate": 2011-09-26T00:00:00.000Z,
          "ResultHearingType": "OTHER",
          "ResultQualifierVariable": [],
          "ResultVariableText": "defendant must never be allowed out",
          "SourceOrganisation": {
            "BottomLevelCode": "01",
            "OrganisationUnitCode": "B01EF01",
            "SecondLevelCode": "01",
            "ThirdLevelCode": "EF",
            "TopLevelCode": "B",
          },
          "Verdict": "G",
        },
      ],
    },
    {
      "ActualOffenceDateCode": "4",
      "ActualOffenceEndDate": {
        "EndDate": 2010-12-08T00:00:00.000Z,
      },
      "ActualOffenceStartDate": {
        "StartDate": 2010-11-28T00:00:00.000Z,
      },
      "ActualOffenceWording": "Use a motor vehicle without third party insurance.",
      "AlcoholLevel": {
        "Amount": 998,
        "Method": "V",
      },
      "ArrestDate": 2010-12-01T00:00:00.000Z,
      "ChargeDate": 2010-12-02T00:00:00.000Z,
      "CommittedOnBail": "D",
      "ConvictionDate": 2011-09-26T00:00:00.000Z,
      "CourtOffenceSequenceNumber": 3,
      "CriminalProsecutionReference": {
        "OffenceReason": {
          "OffenceCode": {
            "CommonLawOffence": "COML",
            "FullCode": "COML001",
            "Reason": "001",
            "__type": "CommonLawOffenceCode",
          },
          "__type": "NationalOffenceReason",
        },
      },
      "LocationOfOffence": "Kingston High Street",
      "OffenceEndTime": "11:00",
      "Result": [
        {
          "AmountSpecifiedInResult": [
            {
              "Amount": 100,
              "DecimalPlaces": 2,
              "Type": "Fine",
            },
          ],
          "CJSresultCode": 1015,
          "ConvictingCourt": undefined,
          "Duration": [],
          "ModeOfTrialReason": "SUM",
          "NumberSpecifiedInResult": [],
          "PleaStatus": "NG",
          "ResultHearingDate": 2011-09-26T00:00:00.000Z,
          "ResultHearingType": "OTHER",
          "ResultQualifierVariable": [],
          "ResultVariableText": "Fined 100.",
          "SourceOrganisation": {
            "BottomLevelCode": "01",
            "OrganisationUnitCode": "B01EF01",
            "SecondLevelCode": "01",
            "ThirdLevelCode": "EF",
            "TopLevelCode": "B",
          },
          "Verdict": "G",
        },
      ],
      "StartTime": "11:00",
    },
  ],
}
`;
