// Jest Snapshot v1, https://goo.gl/fbAQLP

exports[`populateCase should transform SPI Case to Hearing Outcome Case 1`] = `
{
  "CourtReference": {
    "MagistratesCourtReference": "01ZD0303208",
  },
  "HearingDefendant": {},
  "PTIURN": "01ZD0303208",
  "PreChargeDecisionIndicator": false,
}
`;
