// Jest Snapshot v1, https://jestjs.io/docs/snapshot-testing

exports[`should generate the email content 1`] = `"Bichard password changed"`;

exports[`should generate the email content 2`] = `
"Hi Dummy forenames Dummy surname,

Your password has been changed successfully. You can now login to your Bichard account with your new password.

http://localhost:3000/login
"
`;

exports[`should generate the email content 3`] = `"<html lang="en"><head><meta http-equiv="Content-Type" content="text/html; charset=UTF-8"/><title>Bichard password changed</title></head><body><table style="background-color:#f3f2f1;margin:0;padding:30px;width:100%"><tr></tr><tr><td style="background-color:#ffffff;border:1px solid;border-color:#b1b4b6;clear:both;display:block !important;margin:0 auto;max-width:600px !important;padding:30px;vertical-align:top" valign="top" width="600"><h1 style="color:#0b0c0c;font-family:Arial, sans-serif;font-size:48px;line-height:50px;margin-bottom:50px">Bichard password changed</h1><p style="color:#0b0c0c;font-family:Arial, sans-serif;font-size:19px;line-height:25px;margin-bottom:20px">Hi Dummy forenames Dummy surname,</p><p style="color:#0b0c0c;font-family:Arial, sans-serif;font-size:19px;line-height:25px;margin-bottom:20px">Your password has been changed successfully. You can now login to your Bichard account with your new password.</p><a href="http://localhost:3000/login" style="background-color:#00703c;color:#ffffff;cursor:pointer;display:inline-block;font-family:Arial, sans-serif;font-size:19px;line-height:19px;padding:8px 10px 7px 10px;text-align:center;text-decoration:none">Login</a><p style="color:#505a5f;font-family:Arial, sans-serif;font-size:14px;line-height:16px;margin-bottom:16px;margin-top:50px">If youâ€™re having trouble clicking the button, copy and paste the URL below into your web browser:</p><p style="color:#505a5f;font-family:Arial, sans-serif;font-size:14px;line-height:16px;margin-bottom:16px;margin:0"><a href="http://localhost:3000/login" style="color:#505a5f;font-family:Arial, sans-serif;font-size:14px;line-height:16px;margin-bottom:16px">http://localhost:3000/login</a></p></td></tr><tr></tr></table></body></html>"`;
